2025-10-08 15:58:32,934 - INFO - Experiment label set to: experimento2
2025-10-08 15:58:32,934 - INFO - Samples per count set to: 500
2025-10-08 15:58:32,934 - INFO - NPLCycles set to: 1.0
2025-10-08 15:58:32,935 - INFO - Statistics plots disabled - basic plots only
2025-10-08 15:58:32,935 - INFO - Number of blocks set to: 5
2025-10-08 15:58:32,936 - WARNING - NI-VISA not available, using default backend: Wrapper not found: No package named pyvisa_ni
2025-10-08 15:58:33,210 - INFO - Available resources: ['USB0::0x05E6::0x2110::1422671::INSTR', 'ASRL3::INSTR', 'ASRL4::INSTR', 'ASRL5::INSTR']
2025-10-08 15:58:33,211 - INFO - Using resource: USB0::0x05E6::0x2110::1422671::INSTR
2025-10-08 15:58:33,216 - INFO - Instrument connection opened
2025-10-08 15:58:33,217 - INFO - Timeout set to 30050ms (based on 500 samples, NPLCycles=1.0)
2025-10-08 15:58:34,732 - WARNING - NPLCycles verification failed: expected 1.0, got +1.000000E+00
2025-10-08 15:58:34,733 - INFO - CSV file will be: dc_voltage_readings_experimento2_20251008_155834.csv
2025-10-08 15:58:34,734 - INFO - CSV file initialized with headers
2025-10-08 15:58:36,434 - INFO - Starting acquisition of 5 blocks of 500 samples each
2025-10-08 15:58:36,435 - INFO - Expected total: 2500 samples, estimated time: 0.2s
2025-10-08 15:58:36,435 - INFO - Keyboard interruption not available - use Ctrl+C to interrupt
2025-10-08 15:58:36,436 - INFO - Starting block 1/5 (0.0%)
2025-10-08 15:58:45,930 - INFO - Block 1 completed in 9.492s after 1 polls
2025-10-08 15:58:45,977 - INFO - Parsed 500 readings for block 1
2025-10-08 15:58:45,993 - INFO - Block 1 saved: 500 samples, 52.7 SPS
2025-10-08 15:58:45,994 - INFO - Starting block 2/5 (20.0%)
2025-10-08 15:58:55,320 - INFO - Block 2 completed in 9.325s after 1 polls
2025-10-08 15:58:55,367 - INFO - Parsed 500 readings for block 2
2025-10-08 15:58:55,372 - INFO - Block 2 saved: 500 samples, 53.6 SPS
2025-10-08 15:58:55,373 - INFO - Starting block 3/5 (40.0%)
2025-10-08 15:59:04,723 - INFO - Block 3 completed in 9.349s after 1 polls
2025-10-08 15:59:04,770 - INFO - Parsed 500 readings for block 3
2025-10-08 15:59:04,774 - INFO - Block 3 saved: 500 samples, 53.5 SPS
2025-10-08 15:59:04,774 - INFO - Starting block 4/5 (60.0%)
2025-10-08 15:59:14,100 - INFO - Block 4 completed in 9.325s after 1 polls
2025-10-08 15:59:14,148 - INFO - Parsed 500 readings for block 4
2025-10-08 15:59:14,152 - INFO - Block 4 saved: 500 samples, 53.6 SPS
2025-10-08 15:59:14,153 - INFO - Starting block 5/5 (80.0%)
2025-10-08 15:59:23,504 - INFO - Block 5 completed in 9.350s after 1 polls
2025-10-08 15:59:23,551 - INFO - Parsed 500 readings for block 5
2025-10-08 15:59:23,554 - INFO - Block 5 saved: 500 samples, 53.5 SPS
2025-10-08 15:59:23,559 - INFO - Acquisition completada: 2500 total samples, 51.2 SPS average
2025-10-08 15:59:23,560 - INFO - Instrument connection closed
2025-10-08 15:59:23,563 - INFO - Resource manager closed
2025-10-08 15:59:23,564 - INFO - Generating plot
2025-10-08 15:59:23,904 - ERROR - Error generating plot: name 'stats' is not defined
2025-10-08 15:59:23,905 - INFO - Process completed successfully
2025-10-08 15:59:37,198 - INFO - Experiment label set to: experimento2
2025-10-08 15:59:37,199 - INFO - Samples per count set to: 500
2025-10-08 15:59:37,199 - INFO - NPLCycles set to: 1.0
2025-10-08 15:59:37,199 - INFO - Statistics plots enabled
2025-10-08 15:59:37,200 - INFO - Number of blocks set to: 5
2025-10-08 15:59:37,200 - WARNING - NI-VISA not available, using default backend: Wrapper not found: No package named pyvisa_ni
2025-10-08 15:59:37,463 - INFO - Available resources: ['USB0::0x05E6::0x2110::1422671::INSTR', 'ASRL3::INSTR', 'ASRL4::INSTR', 'ASRL5::INSTR']
2025-10-08 15:59:37,464 - INFO - Using resource: USB0::0x05E6::0x2110::1422671::INSTR
2025-10-08 15:59:37,469 - INFO - Instrument connection opened
2025-10-08 15:59:37,470 - INFO - Timeout set to 30050ms (based on 500 samples, NPLCycles=1.0)
2025-10-08 15:59:38,986 - WARNING - NPLCycles verification failed: expected 1.0, got +1.000000E+00
2025-10-08 15:59:38,986 - INFO - CSV file will be: dc_voltage_readings_experimento2_20251008_155938.csv
2025-10-08 15:59:38,987 - INFO - CSV file initialized with headers
2025-10-08 15:59:40,754 - INFO - Starting acquisition of 5 blocks of 500 samples each
2025-10-08 15:59:40,754 - INFO - Expected total: 2500 samples, estimated time: 0.2s
2025-10-08 15:59:40,755 - INFO - Keyboard interruption not available - use Ctrl+C to interrupt
2025-10-08 15:59:40,756 - INFO - Starting block 1/5 (0.0%)
2025-10-08 15:59:50,249 - INFO - Block 1 completed in 9.492s after 1 polls
2025-10-08 15:59:50,296 - INFO - Parsed 500 readings for block 1
2025-10-08 15:59:50,311 - INFO - Block 1 saved: 500 samples, 52.7 SPS
2025-10-08 15:59:50,312 - INFO - Starting block 2/5 (20.0%)
2025-10-08 15:59:59,639 - INFO - Block 2 completed in 9.326s after 1 polls
2025-10-08 15:59:59,686 - INFO - Parsed 500 readings for block 2
2025-10-08 15:59:59,692 - INFO - Block 2 saved: 500 samples, 53.6 SPS
2025-10-08 15:59:59,692 - INFO - Starting block 3/5 (40.0%)
2025-10-08 16:00:09,042 - INFO - Block 3 completed in 9.349s after 1 polls
2025-10-08 16:00:09,090 - INFO - Parsed 500 readings for block 3
2025-10-08 16:00:09,093 - INFO - Block 3 saved: 500 samples, 53.5 SPS
2025-10-08 16:00:09,094 - INFO - Starting block 4/5 (60.0%)
2025-10-08 16:00:18,420 - INFO - Block 4 completed in 9.325s after 1 polls
2025-10-08 16:00:18,468 - INFO - Parsed 500 readings for block 4
2025-10-08 16:00:18,472 - INFO - Block 4 saved: 500 samples, 53.6 SPS
2025-10-08 16:00:18,472 - INFO - Starting block 5/5 (80.0%)
2025-10-08 16:00:27,823 - INFO - Block 5 completed in 9.349s after 1 polls
2025-10-08 16:00:27,870 - INFO - Parsed 500 readings for block 5
2025-10-08 16:00:27,872 - INFO - Block 5 saved: 500 samples, 53.5 SPS
2025-10-08 16:00:27,877 - INFO - Acquisition completada: 2500 total samples, 51.1 SPS average
2025-10-08 16:00:27,877 - INFO - Instrument connection closed
2025-10-08 16:00:27,880 - INFO - Resource manager closed
2025-10-08 16:00:27,880 - INFO - Generating plot
2025-10-08 16:00:29,958 - INFO - Analysis plot saved as voltage_analysis_experimento2_20251008_160028.png
2025-10-08 16:01:39,973 - INFO - Process completed successfully
2025-10-08 16:03:56,012 - INFO - Experiment label set to: test_fix
2025-10-08 16:03:56,013 - INFO - Samples per count set to: 100
2025-10-08 16:03:56,013 - INFO - NPLCycles set to: 1.0
2025-10-08 16:03:56,013 - INFO - Statistics plots disabled - basic plots only
2025-10-08 16:03:56,014 - INFO - Number of blocks set to: 2
2025-10-08 16:03:56,015 - WARNING - NI-VISA not available, using default backend: Wrapper not found: No package named pyvisa_ni
2025-10-08 16:03:56,316 - INFO - Available resources: ['USB0::0x05E6::0x2110::1422671::INSTR', 'ASRL3::INSTR', 'ASRL4::INSTR', 'ASRL5::INSTR']
2025-10-08 16:03:56,317 - INFO - Using resource: USB0::0x05E6::0x2110::1422671::INSTR
2025-10-08 16:03:56,324 - INFO - Instrument connection opened
2025-10-08 16:03:56,325 - INFO - Timeout set to 30010ms (based on 100 samples, NPLCycles=1.0)
2025-10-08 16:03:57,840 - WARNING - NPLCycles verification failed: expected 1.0, got +1.000000E+00
2025-10-08 16:03:57,840 - INFO - CSV file will be: dc_voltage_readings_test_fix_20251008_160357.csv
2025-10-08 16:03:57,841 - INFO - CSV file initialized with headers
2025-10-08 16:04:04,173 - INFO - Starting acquisition of 2 blocks of 100 samples each
2025-10-08 16:04:04,173 - INFO - Expected total: 200 samples, estimated time: 0.0s
2025-10-08 16:04:04,174 - INFO - Keyboard interruption not available - use Ctrl+C to interrupt
2025-10-08 16:04:04,175 - INFO - Starting block 1/2 (0.0%)
2025-10-08 16:04:06,204 - INFO - Block 1 completed in 2.028s after 1 polls
2025-10-08 16:04:06,214 - INFO - Parsed 100 readings for block 1
2025-10-08 16:04:06,218 - INFO - Block 1 saved: 100 samples, 49.3 SPS
2025-10-08 16:04:06,219 - INFO - Starting block 2/2 (50.0%)
2025-10-08 16:04:08,099 - INFO - Block 2 completed in 1.879s after 1 polls
2025-10-08 16:04:08,111 - INFO - Parsed 100 readings for block 2
2025-10-08 16:04:08,113 - INFO - Block 2 saved: 100 samples, 53.2 SPS
2025-10-08 16:04:08,120 - INFO - Acquisition completada: 200 total samples, 19.5 SPS average
2025-10-08 16:04:08,121 - INFO - Instrument connection closed
2025-10-08 16:04:08,124 - INFO - Resource manager closed
2025-10-08 16:04:08,124 - INFO - Generating plot
2025-10-08 16:04:08,899 - INFO - Analysis plot saved as voltage_analysis_test_fix_20251008_160408.png
2025-10-08 16:04:16,875 - INFO - Process completed successfully
2025-10-08 16:04:23,307 - INFO - Experiment label set to: test_stats
2025-10-08 16:04:23,307 - INFO - Samples per count set to: 2000
2025-10-08 16:04:23,308 - INFO - NPLCycles set to: 1.0
2025-10-08 16:04:23,308 - INFO - Statistics plots enabled
2025-10-08 16:04:23,308 - INFO - Number of blocks set to: 2
2025-10-08 16:04:23,309 - WARNING - NI-VISA not available, using default backend: Wrapper not found: No package named pyvisa_ni
2025-10-08 16:04:23,568 - INFO - Available resources: ['USB0::0x05E6::0x2110::1422671::INSTR', 'ASRL3::INSTR', 'ASRL4::INSTR', 'ASRL5::INSTR']
2025-10-08 16:04:23,568 - INFO - Using resource: USB0::0x05E6::0x2110::1422671::INSTR
2025-10-08 16:04:23,574 - INFO - Instrument connection opened
2025-10-08 16:04:23,574 - INFO - Timeout set to 30200ms (based on 2000 samples, NPLCycles=1.0)
2025-10-08 16:04:25,096 - WARNING - NPLCycles verification failed: expected 1.0, got +1.000000E+00
2025-10-08 16:04:25,127 - INFO - CSV file will be: dc_voltage_readings_test_stats_20251008_160425.csv
2025-10-08 16:04:25,137 - INFO - CSV file initialized with headers
2025-10-08 16:04:27,018 - INFO - Starting acquisition of 2 blocks of 2000 samples each
2025-10-08 16:04:27,019 - INFO - Expected total: 4000 samples, estimated time: 0.4s
2025-10-08 16:04:27,019 - INFO - Keyboard interruption not available - use Ctrl+C to interrupt
2025-10-08 16:04:27,020 - INFO - Starting block 1/2 (0.0%)
2025-10-08 16:04:57,224 - ERROR - Error en bloque 1: VI_ERROR_TMO (-1073807339): Timeout expired before operation completed.
2025-10-08 16:04:57,225 - INFO - Starting block 2/2 (50.0%)
2025-10-08 16:05:27,428 - ERROR - Error en bloque 2: VI_ERROR_TMO (-1073807339): Timeout expired before operation completed.
2025-10-08 16:05:27,429 - INFO - Acquisition completada: 0 total samples, 0.0 SPS average
2025-10-08 16:05:27,430 - INFO - Instrument connection closed
2025-10-08 16:05:27,434 - INFO - Resource manager closed
2025-10-08 16:05:27,435 - INFO - Process completed successfully
2025-10-08 16:32:00,737 - INFO - Experiment label: test
2025-10-08 16:32:00,737 - INFO - Samples per count: 500
2025-10-08 16:32:00,738 - INFO - NPLCycles: 0.2
2025-10-08 16:32:00,738 - INFO - Number of blocks: 5
2025-10-08 16:32:00,739 - INFO - Statistics plots: disabled
2025-10-08 16:32:00,741 - WARNING - Keyboard no disponible - interrupción manual no disponible
2025-10-08 16:32:00,742 - WARNING - NI-VISA not available, using default backend: Wrapper not found: No package named pyvisa_ni
2025-10-08 16:32:01,053 - INFO - Available resources: ['USB0::0x05E6::0x2110::1422671::INSTR', 'ASRL3::INSTR', 'ASRL4::INSTR', 'ASRL5::INSTR']
2025-10-08 16:32:01,054 - INFO - Using resource: USB0::0x05E6::0x2110::1422671::INSTR
2025-10-08 16:32:01,062 - INFO - Instrument connection opened
2025-10-08 16:32:01,062 - INFO - Timeout set to 30010ms
2025-10-08 16:32:02,589 - WARNING - NPLCycles verification failed: expected 0.2, got +2.000000E-01
2025-10-08 16:32:02,589 - INFO - Instrument initialized successfully
2025-10-08 16:32:02,591 - INFO - CSV file initialized: ./dc_voltage_readings_test_20251008_163202.csv
2025-10-08 16:32:02,591 - WARNING - Keyboard interruption not available
2025-10-08 16:32:07,282 - INFO - Block 1 completed in 2.319s after 1 polls
2025-10-08 16:32:07,328 - INFO - Block 1 completed: 500 samples
2025-10-08 16:32:09,696 - INFO - Block 2 completed in 2.365s after 1 polls
2025-10-08 16:32:09,742 - INFO - Block 2 completed: 500 samples
2025-10-08 16:32:11,979 - INFO - Block 3 completed in 2.234s after 1 polls
2025-10-08 16:32:12,024 - INFO - Block 3 completed: 500 samples
2025-10-08 16:32:14,385 - INFO - Block 4 completed in 2.359s after 1 polls
2025-10-08 16:32:14,432 - INFO - Block 4 completed: 500 samples
2025-10-08 16:32:16,669 - INFO - Block 5 completed in 2.234s after 1 polls
2025-10-08 16:32:16,715 - INFO - Block 5 completed: 500 samples
2025-10-08 16:32:16,720 - INFO - Instrument connection closed
2025-10-08 16:32:16,723 - INFO - Resource manager closed
2025-10-08 16:32:48,851 - INFO - Experiment label: test
2025-10-08 16:32:48,851 - INFO - Samples per count: 500
2025-10-08 16:32:48,851 - INFO - NPLCycles: 1.0
2025-10-08 16:32:48,852 - INFO - Number of blocks: 5
2025-10-08 16:32:48,852 - INFO - Statistics plots: disabled
2025-10-08 16:32:48,854 - WARNING - Keyboard no disponible - interrupción manual no disponible
2025-10-08 16:32:48,855 - WARNING - NI-VISA not available, using default backend: Wrapper not found: No package named pyvisa_ni
2025-10-08 16:32:49,108 - INFO - Available resources: ['USB0::0x05E6::0x2110::1422671::INSTR', 'ASRL3::INSTR', 'ASRL4::INSTR', 'ASRL5::INSTR']
2025-10-08 16:32:49,108 - INFO - Using resource: USB0::0x05E6::0x2110::1422671::INSTR
2025-10-08 16:32:49,114 - INFO - Instrument connection opened
2025-10-08 16:32:49,114 - INFO - Timeout set to 30050ms
2025-10-08 16:32:50,629 - WARNING - NPLCycles verification failed: expected 1.0, got +1.000000E+00
2025-10-08 16:32:50,629 - INFO - Instrument initialized successfully
2025-10-08 16:32:50,630 - INFO - CSV file initialized: ./dc_voltage_readings_test_20251008_163250.csv
2025-10-08 16:32:50,631 - WARNING - Keyboard interruption not available
2025-10-08 16:33:01,762 - INFO - Block 1 completed in 9.492s after 1 polls
2025-10-08 16:33:01,808 - INFO - Block 1 completed: 500 samples
2025-10-08 16:33:11,137 - INFO - Block 2 completed in 9.325s after 1 polls
2025-10-08 16:33:11,183 - INFO - Block 2 completed: 500 samples
2025-10-08 16:33:20,535 - INFO - Block 3 completed in 9.349s after 1 polls
2025-10-08 16:33:20,581 - INFO - Block 3 completed: 500 samples
2025-10-08 16:33:29,909 - INFO - Block 4 completed in 9.325s after 1 polls
2025-10-08 16:33:29,955 - INFO - Block 4 completed: 500 samples
2025-10-08 16:33:39,519 - INFO - Block 5 completed in 9.561s after 1 polls
2025-10-08 16:33:39,565 - INFO - Block 5 completed: 500 samples
2025-10-08 16:33:39,571 - INFO - Instrument connection closed
2025-10-08 16:33:39,574 - INFO - Resource manager closed
2025-10-08 16:34:23,855 - INFO - Experiment label: test
2025-10-08 16:34:23,856 - INFO - Samples per count: 500
2025-10-08 16:34:23,856 - INFO - NPLCycles: 1.0
2025-10-08 16:34:23,856 - INFO - Number of blocks: 10
2025-10-08 16:34:23,857 - INFO - Statistics plots: enabled
2025-10-08 16:34:23,859 - WARNING - Keyboard no disponible - interrupción manual no disponible
2025-10-08 16:34:23,860 - WARNING - NI-VISA not available, using default backend: Wrapper not found: No package named pyvisa_ni
2025-10-08 16:34:24,103 - INFO - Available resources: ['USB0::0x05E6::0x2110::1422671::INSTR', 'ASRL3::INSTR', 'ASRL4::INSTR', 'ASRL5::INSTR']
2025-10-08 16:34:24,103 - INFO - Using resource: USB0::0x05E6::0x2110::1422671::INSTR
2025-10-08 16:34:24,108 - INFO - Instrument connection opened
2025-10-08 16:34:24,109 - INFO - Timeout set to 30050ms
2025-10-08 16:34:25,624 - WARNING - NPLCycles verification failed: expected 1.0, got +1.000000E+00
2025-10-08 16:34:25,625 - INFO - Instrument initialized successfully
2025-10-08 16:34:25,626 - INFO - CSV file initialized: ./dc_voltage_readings_test_20251008_163425.csv
2025-10-08 16:34:25,626 - WARNING - Keyboard interruption not available
2025-10-08 16:34:36,586 - INFO - Block 1 completed in 9.492s after 1 polls
2025-10-08 16:34:36,632 - INFO - Block 1 completed: 500 samples
2025-10-08 16:34:45,961 - INFO - Block 2 completed in 9.325s after 1 polls
2025-10-08 16:34:46,007 - INFO - Block 2 completed: 500 samples
2025-10-08 16:34:55,359 - INFO - Block 3 completed in 9.349s after 1 polls
2025-10-08 16:34:55,404 - INFO - Block 3 completed: 500 samples
2025-10-08 16:35:04,732 - INFO - Block 4 completed in 9.325s after 1 polls
2025-10-08 16:35:04,779 - INFO - Block 4 completed: 500 samples
2025-10-08 16:35:14,133 - INFO - Block 5 completed in 9.349s after 1 polls
2025-10-08 16:35:14,179 - INFO - Block 5 completed: 500 samples
2025-10-08 16:35:23,508 - INFO - Block 6 completed in 9.325s after 1 polls
2025-10-08 16:35:23,553 - INFO - Block 6 completed: 500 samples
2025-10-08 16:35:32,984 - INFO - Block 7 completed in 9.427s after 1 polls
2025-10-08 16:35:33,029 - INFO - Block 7 completed: 500 samples
2025-10-08 16:35:42,382 - INFO - Block 8 completed in 9.350s after 1 polls
2025-10-08 16:35:42,427 - INFO - Block 8 completed: 500 samples
2025-10-08 16:35:51,779 - INFO - Block 9 completed in 9.349s after 1 polls
2025-10-08 16:35:51,825 - INFO - Block 9 completed: 500 samples
2025-10-08 16:36:01,075 - INFO - Block 10 completed in 9.247s after 1 polls
2025-10-08 16:36:01,122 - INFO - Block 10 completed: 500 samples
2025-10-08 16:36:01,126 - INFO - Instrument connection closed
2025-10-08 16:36:01,129 - INFO - Resource manager closed
